package operator

import (
	"time"
)

func (h *Handler) Cooler() time.Duration {
	return 10 * time.Second
}
